\BOOKMARK [2][]{Outline0.1}{\376\377\000I\000n\000t\000r\000o\000d\000u\000c\000t\000i\000o\000n}{}% 1
\BOOKMARK [2][]{Outline0.2}{\376\377\000I\000n\000s\000e\000r\000t\000i\000n\000g\000\040\000a\000n\000\040\000I\000m\000a\000g\000e}{}% 2
