\BOOKMARK [2][]{Outline0.1}{\376\377\000\247\000\040\0001\000.\000\040\000O\000p\000t\000i\000m\000i\000z\000a\000t\000i\000o\000n\000\040\000P\000r\000o\000b\000l\000e\000m}{}% 1
\BOOKMARK [3][]{Outline0.1.1.3}{\376\377\000D\000e\000f\000i\000n\000i\000t\000i\000o\000n\000\040\000o\000f\000\040\000O\000p\000t\000i\000m\000i\000z\000a\000t\000i\000o\000n\000\040\000P\000r\000o\000b\000l\000e\000m}{Outline0.1}% 2
\BOOKMARK [3][]{Outline0.1.2.8}{\376\377\000E\000x\000a\000m\000p\000l\000e\000s\000\040\000o\000f\000\040\000O\000p\000t\000i\000m\000i\000z\000a\000t\000i\000o\000n\000\040\000P\000r\000o\000b\000l\000e\000m}{Outline0.1}% 3
\BOOKMARK [3][]{Outline0.1.3.13}{\376\377\000L\000o\000c\000a\000l\000\040\000a\000n\000d\000\040\000G\000l\000o\000b\000a\000l\000\040\000M\000i\000n\000i\000m\000u\000m}{Outline0.1}% 4
\BOOKMARK [2][]{Outline0.2}{\376\377\000\247\000\040\0001\0001\000.\000\040\000V\000a\000r\000i\000a\000t\000i\000o\000n\000a\000l\000\040\000A\000u\000t\000o\000e\000n\000c\000o\000d\000e\000r\000s}{}% 5
\BOOKMARK [3][]{Outline0.2.1.23}{\376\377\000L\000a\000t\000e\000n\000t\000\040\000V\000a\000r\000i\000a\000b\000l\000e\000\040\000M\000o\000d\000e\000l}{Outline0.2}% 6
\BOOKMARK [3][]{Outline0.2.2.29}{\376\377\000T\000r\000a\000i\000n\000i\000n\000g\000\040\000L\000a\000t\000e\000n\000t\000\040\000V\000a\000r\000i\000a\000b\000l\000e\000\040\000M\000o\000d\000e\000l\000\040\000w\000i\000t\000h\000\040\000I\000m\000p\000o\000r\000t\000a\000n\000c\000e\000\040\000S\000a\000m\000p\000l\000i\000n\000g}{Outline0.2}% 7
\BOOKMARK [3][]{Outline0.2.3.43}{\376\377\000D\000e\000f\000i\000n\000i\000t\000i\000o\000n\000\040\000o\000f\000\040\000V\000A\000E}{Outline0.2}% 8
\BOOKMARK [3][]{Outline0.2.4.50}{\376\377\000V\000A\000E\000\040\000S\000t\000a\000n\000d\000a\000r\000d\000\040\000I\000n\000s\000t\000a\000n\000c\000e}{Outline0.2}% 9
\BOOKMARK [3][]{Outline0.2.5.58}{\376\377\000T\000r\000a\000i\000n\000i\000n\000g\000\040\000V\000A\000E}{Outline0.2}% 10
\BOOKMARK [3][]{Outline0.2.6.62}{\376\377\000R\000e\000s\000e\000a\000r\000c\000h\000e\000s}{Outline0.2}% 11
