\BOOKMARK [-1][-]{part.1}{\376\377\000I\000\040\000S\000D\000F}{}% 1
\BOOKMARK [0][-]{chapter.1}{\376\377\000I\000n\000t\000r\000o\000d\000u\000c\000t\000i\000o\000n}{part.1}% 2
\BOOKMARK [0][-]{chapter.2}{\376\377\000I\000m\000a\000g\000e\000s\000\040\000a\000n\000d\000\040\000L\000i\000s\000t\000s}{part.1}% 3
\BOOKMARK [1][-]{section.2.1}{\376\377\000L\000i\000s\000t\000s\000\040\000i\000n\000\040\000L\000a\000T\000e\000X}{chapter.2}% 4
\BOOKMARK [2][-]{subsection.2.1.1}{\376\377\000U\000n\000o\000r\000d\000e\000r\000e\000d\000\040\000L\000i\000s\000t}{section.2.1}% 5
\BOOKMARK [2][-]{subsection.2.1.2}{\376\377\000O\000r\000d\000e\000r\000e\000d\000\040\000L\000i\000s\000t}{section.2.1}% 6
\BOOKMARK [0][-]{chapter.3}{\376\377\000C\000o\000d\000e\000\040\000B\000l\000o\000c\000k\000s}{part.1}% 7
\BOOKMARK [1][-]{section.3.1}{\376\377\000S\000i\000m\000p\000l\000e\000\040\000C\000o\000d\000e\000\040\000\050\000V\000e\000r\000b\000a\000t\000i\000m\000\051}{chapter.3}% 8
\BOOKMARK [0][-]{chapter.4}{\376\377\000O\000p\000t\000i\000m\000i\000z\000a\000t\000i\000o\000n\000\040\000P\000r\000o\000b\000l\000e\000m}{part.1}% 9
\BOOKMARK [1][-]{section.4.1}{\376\377\000D\000e\000f\000i\000n\000i\000t\000i\000o\000n\000\040\000o\000f\000\040\000O\000p\000t\000i\000m\000i\000z\000a\000t\000i\000o\000n\000\040\000P\000r\000o\000b\000l\000e\000m}{chapter.4}% 10
\BOOKMARK [1][-]{section.4.2}{\376\377\000E\000x\000a\000m\000p\000l\000e\000s\000\040\000o\000f\000\040\000O\000p\000t\000i\000m\000i\000z\000a\000t\000i\000o\000n\000\040\000P\000r\000o\000b\000l\000e\000m}{chapter.4}% 11
\BOOKMARK [1][-]{section.4.3}{\376\377\000L\000o\000c\000a\000l\000\040\000a\000n\000d\000\040\000G\000l\000o\000b\000a\000l\000\040\000M\000i\000n\000i\000m\000u\000m}{chapter.4}% 12
\BOOKMARK [0][-]{chapter.5}{\376\377\000B\000a\000s\000i\000c\000s\000\040\000o\000f\000\040\000M\000o\000n\000t\000e\000\040\000C\000a\000r\000l\000o}{part.1}% 13
\BOOKMARK [1][-]{section.5.1}{\376\377\000M\000o\000n\000t\000e\000\040\000C\000a\000r\000l\000o\000\040\000E\000s\000t\000i\000m\000a\000t\000i\000o\000n}{chapter.5}% 14
\BOOKMARK [1][-]{section.5.2}{\376\377\000I\000m\000p\000o\000r\000t\000a\000n\000c\000e\000\040\000S\000a\000m\000p\000l\000i\000n\000g}{chapter.5}% 15
\BOOKMARK [1][-]{section.5.3}{\376\377\000L\000o\000g\000-\000D\000e\000r\000i\000v\000a\000t\000i\000v\000e\000\040\000T\000r\000i\000c\000k}{chapter.5}% 16
\BOOKMARK [1][-]{section.5.4}{\376\377\000R\000e\000p\000a\000r\000a\000m\000e\000t\000e\000r\000i\000z\000a\000t\000i\000o\000n\000\040\000T\000r\000i\000c\000k}{chapter.5}% 17
